// Jest Snapshot v1, https://goo.gl/fbAQLP

exports[`Render NotFoundPage Component 1`] = `
<div>
  <p>
    404 Not Found - 
    <Link
      replace={false}
      to="/"
    >
      Go Home
    </Link>
  </p>
</div>
`;
